
> error[E0061]: this method takes 4 arguments but 3 arguments were supplied
      --> tests\rtree_geospatial_tests.rs:220:14
       |
   220 |               .insert_geometry(
> error[E0061]: this method takes 4 arguments but 3 arguments were supplied
      --> tests\rtree_geospatial_tests.rs:422:10
       |
   422 |           .insert_geometry(
> error[E0061]: this method takes 4 arguments but 3 arguments were supplied
      --> tests\rtree_geospatial_tests.rs:429:10
       |
   429 |           .insert_geometry(
> error[E0061]: this method takes 4 arguments but 3 arguments were supplied
      --> tests\rtree_geospatial_tests.rs:469:10
       |
   469 |           .insert_geometry(
> error[E0061]: this method takes 3 arguments but 1 argument was supplied
     --> tests\table_index_tests.rs:392:15
      |
  392 |         bloom.insert_key(key.as_bytes()).unwrap();
> error[E0061]: this method takes 4 arguments but 3 arguments were supplied
      --> tests\table_index_tests.rs:444:10
       |
   444 |           .insert_geometry(
> error[E0061]: this method takes 4 arguments but 3 arguments were supplied
      --> tests\table_index_tests.rs:451:10
       |
   451 |           .insert_geometry(
> error[E0061]: this method takes 4 arguments but 3 arguments were supplied
      --> tests\table_index_tests.rs:458:10
       |
   458 |           .insert_geometry(
> error[E0061]: this method takes 4 arguments but 3 arguments were supplied
      --> tests\table_index_tests.rs:486:10
       |
   486 |           .insert_geometry(
> error[E0061]: this method takes 4 arguments but 3 arguments were supplied
      --> tests\table_index_tests.rs:493:10
       |
   493 |           .insert_geometry(
> error[E0061]: this method takes 4 arguments but 3 arguments were supplied
      --> tests\table_index_tests.rs:500:10
       |
   500 |           .insert_geometry(
> error[E0061]: this method takes 4 arguments but 2 arguments were supplied
      --> tests\table_index_tests.rs:840:23
       |
   840 |     let result = hnsw.insert_vector(b"id1", &[1.0, 0.0, 0.0]);
> error[E0061]: this method takes 3 arguments but 1 argument was supplied
      --> tests\table_index_tests.rs:1188:15
       |
  1188 |         bloom.insert_key(key.as_bytes()).unwrap();
> error[E0061]: this method takes 3 arguments but 1 argument was supplied
     --> tests\bloom_transaction_tests.rs:116:19
      |
  116 |             bloom.insert_key(&i.to_le_bytes())?;
> error[E0061]: this method takes 3 arguments but 1 argument was supplied
     --> tests\bloom_transaction_tests.rs:371:22
      |
  371 |     let result = txn.insert_key(b"key1");
> error[E0061]: this function takes 5 arguments but 3 arguments were supplied
     --> tests\fulltext_transaction_tests.rs:331:18
      |
  331 |     let result = FullTextSearch::index_document(&mut txn, b"doc1", &[]);
> error[E0061]: this method takes 3 arguments but 1 argument was supplied
     --> tests\bloom_transaction_tests.rs:403:23
      |
  403 |                 bloom.insert_key(&i.to_le_bytes())?;
> error[E0061]: this method takes 3 arguments but 1 argument was supplied
     --> tests\bloom_transaction_tests.rs:466:23
      |
  466 |                 bloom.insert_key(&i.to_le_bytes())?;


